  start  0  cost 0.3332
  start  1  cost 0.6394
  start  2  cost 0.3332
  start  3  cost 0.3332
  start  4  cost 0.6394
  start  5  cost 0.6394
  start  6  cost 0.6394
  start  7  cost 0.3332
  start  8  cost 0.3332
  start  9  cost 0.3332
  start 10  cost 0.6394
  start 11  cost 0.6394

fitted constants
  s_under         0.090 ->    0.250
  k_comp          0.900 ->    0.050
  k_stress        0.550 ->    0.050
  k_fat           3.200 ->    0.200
  drug_K          0.600 ->    0.136
  k_short         1.300 ->   14.000
  need_scale      3.000 ->    1.658
  k_lumen         0.260 ->    0.220
  k_strut         0.300 ->    2.000
  nih_max_um    260.000 ->  300.000
  beta            3.600 ->    6.640

anchor fit (12-month event rate)
  anchor              observed  predicted   Gamma0  tau_sc  worst
  COR-DES-modern         0.020      0.022    0.809     288      H
  COR-BRS-plla           0.030      0.018    0.742     355      H
  COR-BMS                0.098      0.087    0.473     255      H
  COR-POBA               0.170      0.140    0.517     109      H
  SFA-DCB                0.024      0.025    0.796     317      H
  SFA-POBA               0.206      0.168    0.434     406      H
  SFA-nitinol            0.127      0.153    0.342     235      B
  BTK-DCB                0.092      0.112    0.561     165      H
  BTK-POBA               0.131      0.244    0.271     107      H
  CAR-stent              0.006      0.007    0.573     139      B
  ILIAC-stent            0.028      0.032    0.520     170      B
  RENAL-stent            0.059      0.062    0.457     229      B

  mean absolute error 0.0216   max 0.1125
  written to C:\Users\25450\Documents\claude_tmp\panvas_buddy\panvas\theta.json
