  start  0  cost 0.2355
  start  1  cost 0.4926
  start  2  cost 0.2355
  start  3  cost 0.4926
  start  4  cost 0.2355
  start  5  cost 0.2355
  start  6  cost 0.4926
  start  7  cost 0.2355
  start  8  cost 0.2355
  start  9  cost 0.2355
  start 10  cost 0.4926
  start 11  cost 0.4926

fitted constants
  s_under         0.090 ->    0.250
  k_comp          0.900 ->    0.050
  k_stress        0.550 ->    1.218
  k_fat           3.200 ->   12.000
  drug_K          0.600 ->    0.100
  k_short         1.300 ->   14.000
  need_scale      3.000 ->    1.767
  k_lumen         0.260 ->    0.148
  k_strut         0.300 ->    2.000
  nih_max_um    260.000 ->  300.000
  beta            3.600 ->    6.149

anchor fit (12-month event rate)
  anchor              observed  predicted   Gamma0  tau_sc  worst
  COR-DES-modern         0.020      0.022    0.783     263      H
  COR-BRS-plla           0.030      0.017    0.702     381      H
  COR-BMS                0.098      0.096    0.471     155      H
  COR-POBA               0.170      0.229    0.433      98      H
  SFA-DCB                0.024      0.025    0.740     290      H
  SFA-POBA               0.206      0.167    0.402     104      H
  SFA-nitinol            0.127      0.128    0.333     367      H
  BTK-DCB                0.092      0.110    0.498     103      H
  BTK-POBA               0.131      0.175    0.233      78      H
  CAR-stent              0.006      0.006    0.547     200      M
  ILIAC-stent            0.028      0.029    0.513     195      B
  RENAL-stent            0.059      0.059    0.466     298      H

  mean absolute error 0.0151   max 0.0587
  written to C:\Users\25450\Documents\claude_tmp\panvas_buddy\panvas\theta.json
